Java HotSpot(TM) 64-Bit Server VM (25.131-b11) for bsd-amd64 JRE (1.8.0_131-b11), built on Mar 15 2017 01:32:22 by "java_re" with gcc 4.2.1 (Based on Apple Inc. build 5658) (LLVM build 2336.11.00)
Memory: 4k page, physical 8388608k(1397952k free)

/proc/meminfo:

CommandLine flags: -XX:InitialHeapSize=134217728 -XX:MaxHeapSize=2147483648 -XX:MaxNewSize=348966912 -XX:MaxTenuringThreshold=6 -XX:OldPLABSize=16 -XX:+PrintGC -XX:+PrintGCDetails -XX:+PrintGCTimeStamps -XX:+UseCompressedClassPointers -XX:+UseCompressedOops -XX:+UseConcMarkSweepGC -XX:+UseParNewGC 
0.137: [GC (Allocation Failure) 0.137: [ParNew: 34633K->4351K(39296K), 0.0050346 secs] 34633K->12539K(126720K), 0.0051682 secs] [Times: user=0.00 sys=0.01, real=0.00 secs] 
0.152: [GC (Allocation Failure) 0.153: [ParNew: 39272K->4337K(39296K), 0.0079797 secs] 47460K->24812K(126720K), 0.0080966 secs] [Times: user=0.01 sys=0.01, real=0.01 secs] 
0.167: [GC (Allocation Failure) 0.167: [ParNew: 39281K->4348K(39296K), 0.0095660 secs] 59756K->38349K(126720K), 0.0096786 secs] [Times: user=0.02 sys=0.01, real=0.00 secs] 
0.185: [GC (Allocation Failure) 0.185: [ParNew: 39099K->4344K(39296K), 0.0087423 secs] 73101K->48734K(126720K), 0.0088499 secs] [Times: user=0.02 sys=0.00, real=0.01 secs] 
0.194: [GC (CMS Initial Mark) [1 CMS-initial-mark: 44389K(87424K)] 49320K(126720K), 0.0001898 secs] [Times: user=0.00 sys=0.00, real=0.00 secs] 
0.194: [CMS-concurrent-mark-start]
0.213: [CMS-concurrent-mark: 0.019/0.019 secs] [Times: user=0.02 sys=0.01, real=0.02 secs] 
0.213: [GC (Allocation Failure) 0.213: [ParNew: 38876K->4349K(39296K), 0.0085230 secs] 83266K->62078K(126720K), 0.0086035 secs] [Times: user=0.03 sys=0.00, real=0.01 secs] 
0.222: [CMS-concurrent-preclean-start]
0.222: [CMS-concurrent-preclean: 0.000/0.000 secs] [Times: user=0.00 sys=0.00, real=0.00 secs] 
0.222: [CMS-concurrent-abortable-preclean-start]
0.226: [GC (Allocation Failure) 0.226: [ParNew: 39293K->4349K(39296K), 0.0116145 secs] 97022K->80367K(126720K), 0.0117169 secs] [Times: user=0.04 sys=0.01, real=0.02 secs] 
0.243: [GC (Allocation Failure) 0.243: [ParNew: 39106K->4346K(39296K), 0.0090281 secs] 115124K->93832K(129212K), 0.0091105 secs] [Times: user=0.02 sys=0.00, real=0.01 secs] 
0.258: [GC (Allocation Failure) 0.258: [ParNew: 39248K->4346K(39296K), 0.0072345 secs] 128734K->104618K(139968K), 0.0073476 secs] [Times: user=0.02 sys=0.01, real=0.00 secs] 
0.270: [GC (Allocation Failure) 0.270: [ParNew: 39245K->4348K(39296K), 0.0085314 secs] 139517K->116781K(152140K), 0.0086170 secs] [Times: user=0.02 sys=0.00, real=0.01 secs] 
0.284: [GC (Allocation Failure) 0.284: [ParNew: 39292K->4333K(39296K), 0.0092484 secs] 151725K->131433K(166928K), 0.0093508 secs] [Times: user=0.03 sys=0.01, real=0.01 secs] 
0.298: [GC (Allocation Failure) 0.298: [ParNew: 38696K->4347K(39296K), 0.0091517 secs] 165796K->143687K(179096K), 0.0092410 secs] [Times: user=0.03 sys=0.00, real=0.01 secs] 
0.313: [GC (Allocation Failure) 0.313: [ParNew: 39176K->4351K(39296K), 0.0078966 secs] 178516K->154878K(190328K), 0.0079808 secs] [Times: user=0.02 sys=0.01, real=0.01 secs] 
0.326: [GC (Allocation Failure) 0.326: [ParNew: 39295K->4345K(39296K), 0.0070607 secs] 189822K->165072K(200464K), 0.0071516 secs] [Times: user=0.02 sys=0.00, real=0.01 secs] 
0.339: [GC (Allocation Failure) 0.339: [ParNew: 39289K->4351K(39296K), 0.0070963 secs] 200016K->175338K(210776K), 0.0071823 secs] [Times: user=0.02 sys=0.00, real=0.00 secs] 
0.351: [GC (Allocation Failure) 0.351: [ParNew: 38957K->4349K(39296K), 0.0083852 secs] 209943K->188001K(223532K), 0.0084717 secs] [Times: user=0.03 sys=0.01, real=0.01 secs] 
0.365: [GC (Allocation Failure) 0.365: [ParNew: 39098K->4344K(39296K), 0.0087590 secs] 222750K->201179K(236608K), 0.0088468 secs] [Times: user=0.03 sys=0.00, real=0.01 secs] 
0.379: [GC (Allocation Failure) 0.379: [ParNew: 39288K->4346K(39296K), 0.0065261 secs] 236123K->210681K(246276K), 0.0066122 secs] [Times: user=0.02 sys=0.01, real=0.00 secs] 
0.390: [GC (Allocation Failure) 0.390: [ParNew: 38541K->4346K(39296K), 0.0079283 secs] 244876K->222282K(257852K), 0.0080246 secs] [Times: user=0.03 sys=0.00, real=0.01 secs] 
0.403: [GC (Allocation Failure) 0.403: [ParNew: 39290K->4350K(39296K), 0.0084288 secs] 257226K->234961K(270508K), 0.0085054 secs] [Times: user=0.03 sys=0.01, real=0.01 secs] 
0.417: [GC (Allocation Failure) 0.417: [ParNew: 39294K->4351K(39296K), 0.0091950 secs] 269905K->248597K(284028K), 0.0092695 secs] [Times: user=0.03 sys=0.00, real=0.00 secs] 
0.431: [GC (Allocation Failure) 0.431: [ParNew: 39280K->4337K(39296K), 0.0073959 secs] 283527K->258915K(294488K), 0.0074926 secs] [Times: user=0.03 sys=0.00, real=0.01 secs] 
0.444: [GC (Allocation Failure) 0.444: [ParNew: 39281K->4345K(39296K), 0.0068565 secs] 293859K->268994K(304420K), 0.0069302 secs] [Times: user=0.03 sys=0.01, real=0.01 secs] 
0.455: [GC (Allocation Failure) 0.455: [ParNew: 39289K->4346K(39296K), 0.0097754 secs] 303938K->283108K(318708K), 0.0098516 secs] [Times: user=0.03 sys=0.00, real=0.01 secs] 
0.471: [GC (Allocation Failure) 0.471: [ParNew: 38811K->4347K(39296K), 0.0091636 secs] 317573K->294686K(330192K), 0.0092402 secs] [Times: user=0.03 sys=0.01, real=0.01 secs] 
0.486: [GC (Allocation Failure) 0.486: [ParNew: 39206K->4348K(39296K), 0.0073865 secs] 329545K->305120K(340708K), 0.0074596 secs] [Times: user=0.03 sys=0.00, real=0.01 secs] 
0.499: [GC (Allocation Failure) 0.499: [ParNew: 39154K->4329K(39296K), 0.0076932 secs] 339926K->317335K(353012K), 0.0077751 secs] [Times: user=0.03 sys=0.01, real=0.00 secs] 
0.511: [GC (Allocation Failure) 0.511: [ParNew: 39273K->4349K(39296K), 0.0086413 secs] 352279K->330133K(365784K), 0.0087003 secs] [Times: user=0.03 sys=0.00, real=0.01 secs] 
0.526: [GC (Allocation Failure) 0.526: [ParNew: 38843K->4351K(39296K), 0.0074930 secs] 364627K->339678K(375180K), 0.0075833 secs] [Times: user=0.02 sys=0.01, real=0.01 secs] 
0.539: [GC (Allocation Failure) 0.539: [ParNew: 39290K->4338K(39296K), 0.0090365 secs] 374617K->352433K(387980K), 0.0091263 secs] [Times: user=0.03 sys=0.00, real=0.01 secs] 
0.554: [GC (Allocation Failure) 0.554: [ParNew: 39274K->4350K(39296K), 0.0085031 secs] 387369K->364662K(400312K), 0.0086070 secs] [Times: user=0.03 sys=0.01, real=0.01 secs] 
0.568: [GC (Allocation Failure) 0.568: [ParNew: 39074K->4351K(39296K), 0.0092617 secs] 399386K->377914K(413440K), 0.0093489 secs] [Times: user=0.03 sys=0.00, real=0.01 secs] 
0.583: [GC (Allocation Failure) 0.583: [ParNew: 39037K->4348K(39296K), 0.0077556 secs] 412600K->388171K(423684K), 0.0078671 secs] [Times: user=0.02 sys=0.00, real=0.01 secs] 
0.595: [GC (Allocation Failure) 0.595: [ParNew: 39292K->4350K(39296K), 0.0094116 secs] 423115K->400247K(435912K), 0.0095011 secs] [Times: user=0.03 sys=0.01, real=0.01 secs] 
0.610: [GC (Allocation Failure) 0.610: [ParNew: 39294K->4351K(39296K), 0.0083065 secs] 435191K->411552K(447088K), 0.0083893 secs] [Times: user=0.03 sys=0.00, real=0.01 secs] 
0.623: [GC (Allocation Failure) 0.623: [ParNew: 39295K->4351K(39296K), 0.0114999 secs] 446496K->425492K(461032K), 0.0115932 secs] [Times: user=0.03 sys=0.01, real=0.01 secs] 
0.641: [GC (Allocation Failure) 0.641: [ParNew: 38945K->4348K(39296K), 0.0104175 secs] 460085K->440259K(475928K), 0.0105029 secs] [Times: user=0.04 sys=0.00, real=0.01 secs] 
0.656: [GC (Allocation Failure) 0.656: [ParNew: 39292K->4346K(39296K), 0.0103771 secs] 475203K->455140K(490804K), 0.0104680 secs] [Times: user=0.04 sys=0.01, real=0.02 secs] 
0.673: [GC (Allocation Failure) 0.673: [ParNew: 39092K->4346K(39296K), 0.0108461 secs] 489886K->468434K(504136K), 0.0109527 secs] [Times: user=0.03 sys=0.01, real=0.01 secs] 
0.690: [GC (Allocation Failure) 0.690: [ParNew: 39281K->4351K(39296K), 0.0096554 secs] 503369K->479299K(514896K), 0.0097668 secs] [Times: user=0.02 sys=0.00, real=0.01 secs] 
0.709: [GC (Allocation Failure) 0.709: [ParNew: 39218K->4349K(39296K), 0.0105386 secs] 514167K->492056K(527712K), 0.0106395 secs] [Times: user=0.03 sys=0.01, real=0.01 secs] 
0.725: [GC (Allocation Failure) 0.725: [ParNew: 38750K->4350K(39296K), 0.0119176 secs] 526457K->508374K(543984K), 0.0119979 secs] [Times: user=0.04 sys=0.00, real=0.02 secs] 
0.742: [GC (Allocation Failure) 0.742: [ParNew: 39294K->4343K(39296K), 0.0098436 secs] 543318K->522417K(557996K), 0.0099314 secs] [Times: user=0.03 sys=0.01, real=0.01 secs] 
0.757: [GC (Allocation Failure) 0.757: [ParNew: 39059K->4330K(39296K), 0.0083395 secs] 557134K->533481K(569108K), 0.0083949 secs] [Times: user=0.02 sys=0.00, real=0.00 secs] 
0.772: [GC (Allocation Failure) 0.772: [ParNew: 38976K->4349K(39296K), 0.0078523 secs] 568127K->545127K(580812K), 0.0079209 secs] [Times: user=0.02 sys=0.01, real=0.01 secs] 
0.784: [GC (Allocation Failure) 0.784: [ParNew: 39293K->4346K(39296K), 0.0095559 secs] 580071K->559258K(594848K), 0.0096218 secs] [Times: user=0.03 sys=0.00, real=0.01 secs] 
0.799: [GC (Allocation Failure) 0.799: [ParNew: 39290K->4337K(39296K), 0.0090251 secs] 594202K->570595K(606236K), 0.0091012 secs] [Times: user=0.03 sys=0.01, real=0.01 secs] 
0.813: [GC (Allocation Failure) 0.813: [ParNew: 38589K->4339K(39296K), 0.0084606 secs] 604847K->583056K(618656K), 0.0085353 secs] [Times: user=0.02 sys=0.00, real=0.01 secs] 
0.826: [GC (Allocation Failure) 0.826: [ParNew: 38874K->4350K(39296K), 0.0089058 secs] 617591K->594814K(630540K), 0.0089677 secs] [Times: user=0.03 sys=0.01, real=0.01 secs] 
0.840: [GC (Allocation Failure) 0.840: [ParNew: 39172K->4351K(39296K), 0.0076101 secs] 629636K->605825K(641584K), 0.0076874 secs] [Times: user=0.02 sys=0.00, real=0.01 secs] 
0.853: [GC (Allocation Failure) 0.853: [ParNew: 38838K->4347K(39296K), 0.0084313 secs] 640311K->619076K(654712K), 0.0084942 secs] [Times: user=0.02 sys=0.00, real=0.01 secs] 
0.867: [GC (Allocation Failure) 0.867: [ParNew: 38800K->4338K(39296K), 0.0081392 secs] 653529K->630559K(666212K), 0.0082174 secs] [Times: user=0.02 sys=0.01, real=0.00 secs] 
0.880: [GC (Allocation Failure) 0.880: [ParNew: 39001K->4336K(39296K), 0.0087345 secs] 665222K->643550K(679220K), 0.0087957 secs] [Times: user=0.03 sys=0.00, real=0.01 secs] 
0.893: [GC (Allocation Failure) 0.893: [ParNew: 39158K->4319K(39296K), 0.0084201 secs] 678372K->656025K(691820K), 0.0084963 secs] [Times: user=0.02 sys=0.01, real=0.01 secs] 
0.906: [GC (Allocation Failure) 0.906: [ParNew: 39054K->4349K(39296K), 0.0098467 secs] 690761K->669941K(705604K), 0.0099149 secs] [Times: user=0.03 sys=0.00, real=0.01 secs] 
0.922: [GC (Allocation Failure) 0.922: [ParNew: 39177K->4350K(39296K), 0.0076794 secs] 704769K->680848K(716616K), 0.0077420 secs] [Times: user=0.03 sys=0.01, real=0.01 secs] 
0.935: [GC (Allocation Failure) 0.935: [ParNew: 39294K->4335K(39296K), 0.0073376 secs] 715792K->691818K(727564K), 0.0074030 secs] [Times: user=0.03 sys=0.00, real=0.01 secs] 
0.948: [GC (Allocation Failure) 0.948: [ParNew: 39279K->4343K(39296K), 0.0086949 secs] 726762K->703673K(739404K), 0.0087878 secs] [Times: user=0.03 sys=0.01, real=0.00 secs] 
0.961: [GC (Allocation Failure) 0.961: [ParNew: 39028K->4350K(39296K), 0.0084789 secs] 738358K->715689K(751460K), 0.0085552 secs] [Times: user=0.02 sys=0.00, real=0.01 secs] 
0.975: [GC (Allocation Failure) 0.975: [ParNew: 39232K->4338K(39296K), 0.0085493 secs] 750572K->727713K(763508K), 0.0086124 secs] [Times: user=0.03 sys=0.00, real=0.01 secs] 
0.988: [GC (Allocation Failure) 0.988: [ParNew: 39061K->4344K(39296K), 0.0087646 secs] 762436K->740554K(776256K), 0.0088295 secs] [Times: user=0.03 sys=0.01, real=0.01 secs] 
1.003: [GC (Allocation Failure) 1.003: [ParNew: 39288K->4337K(39296K), 0.0095325 secs] 775498K->752255K(788116K), 0.0095930 secs] [Times: user=0.03 sys=0.00, real=0.01 secs] 
1.017: [GC (Allocation Failure) 1.017: [ParNew: 39275K->4347K(39296K), 0.0090525 secs] 787193K->765121K(800868K), 0.0091136 secs] [Times: user=0.03 sys=0.01, real=0.00 secs] 
1.031: [GC (Allocation Failure) 1.031: [ParNew: 39096K->4346K(39296K), 0.0109811 secs] 799870K->781517K(817252K), 0.0110458 secs] [Times: user=0.03 sys=0.00, real=0.01 secs] 
1.047: [GC (Allocation Failure) 1.047: [ParNew: 39275K->4340K(39296K), 0.0078371 secs] 816446K->792529K(828328K), 0.0079006 secs] [Times: user=0.02 sys=0.01, real=0.00 secs] 
1.061: [GC (Allocation Failure) 1.061: [ParNew: 39284K->4343K(39296K), 0.0067178 secs] 827473K->801452K(837336K), 0.0067968 secs] [Times: user=0.02 sys=0.00, real=0.01 secs] 
1.073: [GC (Allocation Failure) 1.073: [ParNew: 39281K->4347K(39296K), 0.0135101 secs] 836391K->815992K(851744K), 0.0135887 secs] [Times: user=0.04 sys=0.01, real=0.02 secs] 
1.093: [GC (Allocation Failure) 1.093: [ParNew: 39290K->4351K(39296K), 0.0076255 secs] 850934K->826548K(862348K), 0.0076864 secs] [Times: user=0.03 sys=0.00, real=0.01 secs] 
Heap
 par new generation   total 39296K, used 6279K [0x0000000740000000, 0x0000000742aa0000, 0x0000000754cc0000)
  eden space 34944K,   5% used [0x0000000740000000, 0x00000007401e20c0, 0x0000000742220000)
  from space 4352K,  99% used [0x0000000742660000, 0x0000000742a9fc90, 0x0000000742aa0000)
  to   space 4352K,   0% used [0x0000000742220000, 0x0000000742220000, 0x0000000742660000)
 concurrent mark-sweep generation total 823052K, used 822197K [0x0000000754cc0000, 0x0000000787083000, 0x00000007c0000000)
 Metaspace       used 2695K, capacity 4486K, committed 4864K, reserved 1056768K
  class space    used 295K, capacity 386K, committed 512K, reserved 1048576K
